// Jest Snapshot v1, https://goo.gl/fbAQLP

exports[`NewsContainer should match the snapshot with all data passed in correctly 1`] = `
Array [
  <NewsArticle />,
  <NewsArticle />,
]
`;
